// Jest Snapshot v1, https://goo.gl/fbAQLP

exports[`Check BuildingDom function  1`] = `
<div>
  <div
    class="headers"
    id="head"
  >
    <div
      class="form"
    >
      <a
        class="btn-search"
        href="#/weatherInfo/"
      >
        <img
          class="search-icon"
          src="https://img.icons8.com/ios/30/000000/search--v3.png"
        />
      </a>
      <input
        autocomplete="off"
        class="search"
        id="townName"
        list="select"
        placeholder="Search a city..."
        role="combobox"
        type="search"
      />
    </div>
  </div>
</div>
`;
